// Jest Snapshot v1, https://goo.gl/fbAQLP

exports[`Gto displays whatever gto says 1`] = `
.c0 {
  display: -webkit-box;
  display: -webkit-flex;
  display: -ms-flexbox;
  display: flex;
  margin: 10px 0;
  font-weight: bold;
  font-size: 2em;
}

@media (max-width:1200px) {
  .c0 {
    font-size: 1em;
  }
}

<div>
  <div
    class="c0"
  >
    You should : 
    OPEN
  </div>
</div>
`;
